[
  {
    "id": "pi-jev-todo-audit@0.1.0",
    "name": "pi-jev-todo-audit",
    "version": "0.1.0",
    "size": 64615,
    "unpackedSize": 200729,
    "shasum": "f381383f2278d6501d2fa356bda3f2ec584967b5",
    "integrity": "sha512-/VBSRErWUzjj70noRj+1esCTz4JsVjKeqAMMdwi5xDM/uQFalbEFyIUaJNVzpByscCHTNRfOsiCzTHIdrprLtQ==",
    "filename": "pi-jev-todo-audit-0.1.0.tgz",
    "files": [
      {
        "path": "LICENSE",
        "size": 1065,
        "mode": 420
      },
      {
        "path": "README.md",
        "size": 36532,
        "mode": 420
      },
      {
        "path": "board.ts",
        "size": 6822,
        "mode": 420
      },
      {
        "path": "capacity.ts",
        "size": 177,
        "mode": 420
      },
      {
        "path": "config.ts",
        "size": 7038,
        "mode": 420
      },
      {
        "path": "context.ts",
        "size": 14005,
        "mode": 420
      },
      {
        "path": "counter.ts",
        "size": 2192,
        "mode": 420
      },
      {
        "path": "docs/incremental-judgment.md",
        "size": 6601,
        "mode": 420
      },
      {
        "path": "incremental.ts",
        "size": 15794,
        "mode": 420
      },
      {
        "path": "index.ts",
        "size": 22653,
        "mode": 420
      },
      {
        "path": "judgment-client.ts",
        "size": 13702,
        "mode": 420
      },
      {
        "path": "judgment-service.ts",
        "size": 9687,
        "mode": 420
      },
      {
        "path": "ledger.ts",
        "size": 3820,
        "mode": 420
      },
      {
        "path": "loops.ts",
        "size": 5697,
        "mode": 420
      },
      {
        "path": "ownership.ts",
        "size": 352,
        "mode": 420
      },
      {
        "path": "package.json",
        "size": 851,
        "mode": 420
      },
      {
        "path": "questions.ts",
        "size": 15226,
        "mode": 420
      },
      {
        "path": "state-verdict.ts",
        "size": 3688,
        "mode": 420
      },
      {
        "path": "state.ts",
        "size": 10194,
        "mode": 420
      },
      {
        "path": "transitions.ts",
        "size": 11298,
        "mode": 420
      },
      {
        "path": "typesafe.ts",
        "size": 2378,
        "mode": 420
      },
      {
        "path": "verdict.ts",
        "size": 10957,
        "mode": 420
      }
    ],
    "entryCount": 22,
    "bundled": []
  }
]
